<?xml version="1.0" encoding="UTF-8"?>
<testsuites name="jest tests" tests="4" failures="0" errors="0" time="7.358">
  <testsuite name="Application" errors="0" failures="0" skipped="0" timestamp="2026-10-09T09:21:48" time="6.434" tests="4">
    <testcase classname="Application GET / returns application information" name="Application GET / returns application information" time="0.041">
    </testcase>
    <testcase classname="Application GET /health returns UP" name="Application GET /health returns UP" time="0.006">
    </testcase>
    <testcase classname="Application GET /ready returns READY" name="Application GET /ready returns READY" time="0.006">
    </testcase>
    <testcase classname=" GET /api/info returns application information" name=" GET /api/info returns application information" time="0.004">
    </testcase>
  </testsuite>
</testsuites>